// Jest Snapshot v1, https://goo.gl/fbAQLP

exports[`TodoList tests should match snapshot 1`] = `
Object {
  "asFragment": [Function],
  "baseElement": <body>
    <div>
      <div
        class="todoList"
      >
        <div
          class="todoItem"
        >
          <div
            class="checkedTodo"
          >
            <div
              class="checkboxItem"
            >
              <input
                checked=""
                type="checkbox"
              />
            </div>
            <h3>
              testDescription
            </h3>
          </div>
          <div
            class="removeBtn"
          >
            <svg
              fill="currentColor"
              fill-rule="evenodd"
              height="30"
              stroke="currentColor"
              stroke-width="0"
              viewBox="0 0 1024 1024"
              width="30"
              xmlns="http://www.w3.org/2000/svg"
            >
              <path
                d="M799.855 166.312c.023.007.043.018.084.059l57.69 57.69c.041.041.052.06.059.084a.118.118 0 0 1 0 .069c-.007.023-.018.042-.059.083L569.926 512l287.703 287.703c.041.04.052.06.059.083a.118.118 0 0 1 0 .07c-.007.022-.018.042-.059.083l-57.69 57.69c-.041.041-.06.052-.084.059a.118.118 0 0 1-.069 0c-.023-.007-.042-.018-.083-.059L512 569.926 224.297 857.629c-.04.041-.06.052-.083.059a.118.118 0 0 1-.07 0c-.022-.007-.042-.018-.083-.059l-57.69-57.69c-.041-.041-.052-.06-.059-.084a.118.118 0 0 1 0-.069c.007-.023.018-.042.059-.083L454.073 512 166.371 224.297c-.041-.04-.052-.06-.059-.083a.118.118 0 0 1 0-.07c.007-.022.018-.042.059-.083l57.69-57.69c.041-.041.06-.052.084-.059a.118.118 0 0 1 .069 0c.023.007.042.018.083.059L512 454.073l287.703-287.702c.04-.041.06-.052.083-.059a.118.118 0 0 1 .07 0Z"
              />
            </svg>
          </div>
        </div>
        <div
          class="todoItem"
        >
          <div
            class="uncheckedTodo"
          >
            <div
              class="checkboxItem"
            >
              <input
                type="checkbox"
              />
            </div>
            <h3>
              testDescription2
            </h3>
          </div>
          <div
            class="removeBtn"
          >
            <svg
              fill="currentColor"
              fill-rule="evenodd"
              height="30"
              stroke="currentColor"
              stroke-width="0"
              viewBox="0 0 1024 1024"
              width="30"
              xmlns="http://www.w3.org/2000/svg"
            >
              <path
                d="M799.855 166.312c.023.007.043.018.084.059l57.69 57.69c.041.041.052.06.059.084a.118.118 0 0 1 0 .069c-.007.023-.018.042-.059.083L569.926 512l287.703 287.703c.041.04.052.06.059.083a.118.118 0 0 1 0 .07c-.007.022-.018.042-.059.083l-57.69 57.69c-.041.041-.06.052-.084.059a.118.118 0 0 1-.069 0c-.023-.007-.042-.018-.083-.059L512 569.926 224.297 857.629c-.04.041-.06.052-.083.059a.118.118 0 0 1-.07 0c-.022-.007-.042-.018-.083-.059l-57.69-57.69c-.041-.041-.052-.06-.059-.084a.118.118 0 0 1 0-.069c.007-.023.018-.042.059-.083L454.073 512 166.371 224.297c-.041-.04-.052-.06-.059-.083a.118.118 0 0 1 0-.07c.007-.022.018-.042.059-.083l57.69-57.69c.041-.041.06-.052.084-.059a.118.118 0 0 1 .069 0c.023.007.042.018.083.059L512 454.073l287.703-287.702c.04-.041.06-.052.083-.059a.118.118 0 0 1 .07 0Z"
              />
            </svg>
          </div>
        </div>
        <div
          class="todoItem"
        >
          <div
            class="checkedTodo"
          >
            <div
              class="checkboxItem"
            >
              <input
                checked=""
                type="checkbox"
              />
            </div>
            <h3>
              testDescription3
            </h3>
          </div>
          <div
            class="removeBtn"
          >
            <svg
              fill="currentColor"
              fill-rule="evenodd"
              height="30"
              stroke="currentColor"
              stroke-width="0"
              viewBox="0 0 1024 1024"
              width="30"
              xmlns="http://www.w3.org/2000/svg"
            >
              <path
                d="M799.855 166.312c.023.007.043.018.084.059l57.69 57.69c.041.041.052.06.059.084a.118.118 0 0 1 0 .069c-.007.023-.018.042-.059.083L569.926 512l287.703 287.703c.041.04.052.06.059.083a.118.118 0 0 1 0 .07c-.007.022-.018.042-.059.083l-57.69 57.69c-.041.041-.06.052-.084.059a.118.118 0 0 1-.069 0c-.023-.007-.042-.018-.083-.059L512 569.926 224.297 857.629c-.04.041-.06.052-.083.059a.118.118 0 0 1-.07 0c-.022-.007-.042-.018-.083-.059l-57.69-57.69c-.041-.041-.052-.06-.059-.084a.118.118 0 0 1 0-.069c.007-.023.018-.042.059-.083L454.073 512 166.371 224.297c-.041-.04-.052-.06-.059-.083a.118.118 0 0 1 0-.07c.007-.022.018-.042.059-.083l57.69-57.69c.041-.041.06-.052.084-.059a.118.118 0 0 1 .069 0c.023.007.042.018.083.059L512 454.073l287.703-287.702c.04-.041.06-.052.083-.059a.118.118 0 0 1 .07 0Z"
              />
            </svg>
          </div>
        </div>
      </div>
    </div>
  </body>,
  "container": <div>
    <div
      class="todoList"
    >
      <div
        class="todoItem"
      >
        <div
          class="checkedTodo"
        >
          <div
            class="checkboxItem"
          >
            <input
              checked=""
              type="checkbox"
            />
          </div>
          <h3>
            testDescription
          </h3>
        </div>
        <div
          class="removeBtn"
        >
          <svg
            fill="currentColor"
            fill-rule="evenodd"
            height="30"
            stroke="currentColor"
            stroke-width="0"
            viewBox="0 0 1024 1024"
            width="30"
            xmlns="http://www.w3.org/2000/svg"
          >
            <path
              d="M799.855 166.312c.023.007.043.018.084.059l57.69 57.69c.041.041.052.06.059.084a.118.118 0 0 1 0 .069c-.007.023-.018.042-.059.083L569.926 512l287.703 287.703c.041.04.052.06.059.083a.118.118 0 0 1 0 .07c-.007.022-.018.042-.059.083l-57.69 57.69c-.041.041-.06.052-.084.059a.118.118 0 0 1-.069 0c-.023-.007-.042-.018-.083-.059L512 569.926 224.297 857.629c-.04.041-.06.052-.083.059a.118.118 0 0 1-.07 0c-.022-.007-.042-.018-.083-.059l-57.69-57.69c-.041-.041-.052-.06-.059-.084a.118.118 0 0 1 0-.069c.007-.023.018-.042.059-.083L454.073 512 166.371 224.297c-.041-.04-.052-.06-.059-.083a.118.118 0 0 1 0-.07c.007-.022.018-.042.059-.083l57.69-57.69c.041-.041.06-.052.084-.059a.118.118 0 0 1 .069 0c.023.007.042.018.083.059L512 454.073l287.703-287.702c.04-.041.06-.052.083-.059a.118.118 0 0 1 .07 0Z"
            />
          </svg>
        </div>
      </div>
      <div
        class="todoItem"
      >
        <div
          class="uncheckedTodo"
        >
          <div
            class="checkboxItem"
          >
            <input
              type="checkbox"
            />
          </div>
          <h3>
            testDescription2
          </h3>
        </div>
        <div
          class="removeBtn"
        >
          <svg
            fill="currentColor"
            fill-rule="evenodd"
            height="30"
            stroke="currentColor"
            stroke-width="0"
            viewBox="0 0 1024 1024"
            width="30"
            xmlns="http://www.w3.org/2000/svg"
          >
            <path
              d="M799.855 166.312c.023.007.043.018.084.059l57.69 57.69c.041.041.052.06.059.084a.118.118 0 0 1 0 .069c-.007.023-.018.042-.059.083L569.926 512l287.703 287.703c.041.04.052.06.059.083a.118.118 0 0 1 0 .07c-.007.022-.018.042-.059.083l-57.69 57.69c-.041.041-.06.052-.084.059a.118.118 0 0 1-.069 0c-.023-.007-.042-.018-.083-.059L512 569.926 224.297 857.629c-.04.041-.06.052-.083.059a.118.118 0 0 1-.07 0c-.022-.007-.042-.018-.083-.059l-57.69-57.69c-.041-.041-.052-.06-.059-.084a.118.118 0 0 1 0-.069c.007-.023.018-.042.059-.083L454.073 512 166.371 224.297c-.041-.04-.052-.06-.059-.083a.118.118 0 0 1 0-.07c.007-.022.018-.042.059-.083l57.69-57.69c.041-.041.06-.052.084-.059a.118.118 0 0 1 .069 0c.023.007.042.018.083.059L512 454.073l287.703-287.702c.04-.041.06-.052.083-.059a.118.118 0 0 1 .07 0Z"
            />
          </svg>
        </div>
      </div>
      <div
        class="todoItem"
      >
        <div
          class="checkedTodo"
        >
          <div
            class="checkboxItem"
          >
            <input
              checked=""
              type="checkbox"
            />
          </div>
          <h3>
            testDescription3
          </h3>
        </div>
        <div
          class="removeBtn"
        >
          <svg
            fill="currentColor"
            fill-rule="evenodd"
            height="30"
            stroke="currentColor"
            stroke-width="0"
            viewBox="0 0 1024 1024"
            width="30"
            xmlns="http://www.w3.org/2000/svg"
          >
            <path
              d="M799.855 166.312c.023.007.043.018.084.059l57.69 57.69c.041.041.052.06.059.084a.118.118 0 0 1 0 .069c-.007.023-.018.042-.059.083L569.926 512l287.703 287.703c.041.04.052.06.059.083a.118.118 0 0 1 0 .07c-.007.022-.018.042-.059.083l-57.69 57.69c-.041.041-.06.052-.084.059a.118.118 0 0 1-.069 0c-.023-.007-.042-.018-.083-.059L512 569.926 224.297 857.629c-.04.041-.06.052-.083.059a.118.118 0 0 1-.07 0c-.022-.007-.042-.018-.083-.059l-57.69-57.69c-.041-.041-.052-.06-.059-.084a.118.118 0 0 1 0-.069c.007-.023.018-.042.059-.083L454.073 512 166.371 224.297c-.041-.04-.052-.06-.059-.083a.118.118 0 0 1 0-.07c.007-.022.018-.042.059-.083l57.69-57.69c.041-.041.06-.052.084-.059a.118.118 0 0 1 .069 0c.023.007.042.018.083.059L512 454.073l287.703-287.702c.04-.041.06-.052.083-.059a.118.118 0 0 1 .07 0Z"
            />
          </svg>
        </div>
      </div>
    </div>
  </div>,
  "debug": [Function],
  "findAllByAltText": [Function],
  "findAllByDisplayValue": [Function],
  "findAllByLabelText": [Function],
  "findAllByPlaceholderText": [Function],
  "findAllByRole": [Function],
  "findAllByTestId": [Function],
  "findAllByText": [Function],
  "findAllByTitle": [Function],
  "findByAltText": [Function],
  "findByDisplayValue": [Function],
  "findByLabelText": [Function],
  "findByPlaceholderText": [Function],
  "findByRole": [Function],
  "findByTestId": [Function],
  "findByText": [Function],
  "findByTitle": [Function],
  "getAllByAltText": [Function],
  "getAllByDisplayValue": [Function],
  "getAllByLabelText": [Function],
  "getAllByPlaceholderText": [Function],
  "getAllByRole": [Function],
  "getAllByTestId": [Function],
  "getAllByText": [Function],
  "getAllByTitle": [Function],
  "getByAltText": [Function],
  "getByDisplayValue": [Function],
  "getByLabelText": [Function],
  "getByPlaceholderText": [Function],
  "getByRole": [Function],
  "getByTestId": [Function],
  "getByText": [Function],
  "getByTitle": [Function],
  "queryAllByAltText": [Function],
  "queryAllByDisplayValue": [Function],
  "queryAllByLabelText": [Function],
  "queryAllByPlaceholderText": [Function],
  "queryAllByRole": [Function],
  "queryAllByTestId": [Function],
  "queryAllByText": [Function],
  "queryAllByTitle": [Function],
  "queryByAltText": [Function],
  "queryByDisplayValue": [Function],
  "queryByLabelText": [Function],
  "queryByPlaceholderText": [Function],
  "queryByRole": [Function],
  "queryByTestId": [Function],
  "queryByText": [Function],
  "queryByTitle": [Function],
  "rerender": [Function],
  "unmount": [Function],
}
`;
