// Jest Snapshot v1, https://goo.gl/fbAQLP

exports[`App tests should match snapshot 1`] = `
Object {
  "asFragment": [Function],
  "baseElement": <body>
    <div>
      <div
        class="AppContent"
      >
        <div
          class="controlPanel"
        >
          <div
            class="buttonPanel"
          >
            <div
              class="topButton"
            >
              <div
                class="regularButton"
                data-testid="addTodo"
              >
                <h3>
                  Add New Todo
                </h3>
              </div>
            </div>
            <div
              class="buttonPanelItem"
            >
              <div
                class="regularButton active"
                data-testid="getAllTodos"
              >
                <h3>
                  All Todos
                </h3>
              </div>
              <div
                class="scoreLabel"
              >
                <h1>
                  0
                </h1>
              </div>
            </div>
            <div
              class="buttonPanelItem"
            >
              <div
                class="regularButton"
                data-testid="getFinishedTodos"
              >
                <h3>
                  Finished Todos
                </h3>
              </div>
              <div
                class="scoreLabel"
              >
                <h1>
                  0
                </h1>
              </div>
            </div>
            <div
              class="buttonPanelItem"
            >
              <div
                class="regularButton"
                data-testid="getUnfinishedTodos"
              >
                <h3>
                  Unfinished Todos
                </h3>
              </div>
              <div
                class="scoreLabel"
              >
                <h1>
                  0
                </h1>
              </div>
            </div>
            <div
              class="bottomButton"
            >
              <div
                class="regularButton"
                data-testid="clearFinished"
              >
                <h3>
                  Clear Finished
                </h3>
              </div>
            </div>
          </div>
        </div>
        <div
          class="contentPanel"
        >
          <div
            class="todoList"
          />
        </div>
      </div>
    </div>
  </body>,
  "container": <div>
    <div
      class="AppContent"
    >
      <div
        class="controlPanel"
      >
        <div
          class="buttonPanel"
        >
          <div
            class="topButton"
          >
            <div
              class="regularButton"
              data-testid="addTodo"
            >
              <h3>
                Add New Todo
              </h3>
            </div>
          </div>
          <div
            class="buttonPanelItem"
          >
            <div
              class="regularButton active"
              data-testid="getAllTodos"
            >
              <h3>
                All Todos
              </h3>
            </div>
            <div
              class="scoreLabel"
            >
              <h1>
                0
              </h1>
            </div>
          </div>
          <div
            class="buttonPanelItem"
          >
            <div
              class="regularButton"
              data-testid="getFinishedTodos"
            >
              <h3>
                Finished Todos
              </h3>
            </div>
            <div
              class="scoreLabel"
            >
              <h1>
                0
              </h1>
            </div>
          </div>
          <div
            class="buttonPanelItem"
          >
            <div
              class="regularButton"
              data-testid="getUnfinishedTodos"
            >
              <h3>
                Unfinished Todos
              </h3>
            </div>
            <div
              class="scoreLabel"
            >
              <h1>
                0
              </h1>
            </div>
          </div>
          <div
            class="bottomButton"
          >
            <div
              class="regularButton"
              data-testid="clearFinished"
            >
              <h3>
                Clear Finished
              </h3>
            </div>
          </div>
        </div>
      </div>
      <div
        class="contentPanel"
      >
        <div
          class="todoList"
        />
      </div>
    </div>
  </div>,
  "debug": [Function],
  "findAllByAltText": [Function],
  "findAllByDisplayValue": [Function],
  "findAllByLabelText": [Function],
  "findAllByPlaceholderText": [Function],
  "findAllByRole": [Function],
  "findAllByTestId": [Function],
  "findAllByText": [Function],
  "findAllByTitle": [Function],
  "findByAltText": [Function],
  "findByDisplayValue": [Function],
  "findByLabelText": [Function],
  "findByPlaceholderText": [Function],
  "findByRole": [Function],
  "findByTestId": [Function],
  "findByText": [Function],
  "findByTitle": [Function],
  "getAllByAltText": [Function],
  "getAllByDisplayValue": [Function],
  "getAllByLabelText": [Function],
  "getAllByPlaceholderText": [Function],
  "getAllByRole": [Function],
  "getAllByTestId": [Function],
  "getAllByText": [Function],
  "getAllByTitle": [Function],
  "getByAltText": [Function],
  "getByDisplayValue": [Function],
  "getByLabelText": [Function],
  "getByPlaceholderText": [Function],
  "getByRole": [Function],
  "getByTestId": [Function],
  "getByText": [Function],
  "getByTitle": [Function],
  "queryAllByAltText": [Function],
  "queryAllByDisplayValue": [Function],
  "queryAllByLabelText": [Function],
  "queryAllByPlaceholderText": [Function],
  "queryAllByRole": [Function],
  "queryAllByTestId": [Function],
  "queryAllByText": [Function],
  "queryAllByTitle": [Function],
  "queryByAltText": [Function],
  "queryByDisplayValue": [Function],
  "queryByLabelText": [Function],
  "queryByPlaceholderText": [Function],
  "queryByRole": [Function],
  "queryByTestId": [Function],
  "queryByText": [Function],
  "queryByTitle": [Function],
  "rerender": [Function],
  "unmount": [Function],
}
`;
